#-----------------------------------------------------------
# Vivado v2019.1 (64-bit)
# SW Build 2552052 on Fri May 24 14:49:42 MDT 2019
# IP Build 2548770 on Fri May 24 18:01:18 MDT 2019
# Start of session at: Sat Nov 16 23:15:26 2019
# Process ID: 26676
# Current directory: D:/Desktop/FINAL SUBMISSION/Filters/FIlters
# Command line: vivado.exe -gui_launcher_event rodinguilauncherevent18808 D:\Desktop\FINAL SUBMISSION\Filters\FIlters\nexys_final.xpr
# Log file: D:/Desktop/FINAL SUBMISSION/Filters/FIlters/vivado.log
# Journal file: D:/Desktop/FINAL SUBMISSION/Filters/FIlters\vivado.jou
#-----------------------------------------------------------
start_gui
open_project {D:/Desktop/FINAL SUBMISSION/Filters/FIlters/nexys_final.xpr}
update_compile_order -fileset sources_1
create_ip -name blk_mem_gen -vendor xilinx.com -library ip -version 8.4 -module_name blk_mem_gen_0 -dir {d:/Desktop/FINAL SUBMISSION/Filters/FIlters/nexys_final.srcs/sources_1/ip}
set_property -dict [list CONFIG.Write_Width_A {96} CONFIG.Write_Depth_A {18402} CONFIG.Read_Width_A {96} CONFIG.Enable_A {Always_Enabled} CONFIG.Write_Width_B {96} CONFIG.Read_Width_B {96} CONFIG.Load_Init_File {true} CONFIG.Coe_File {D:/Desktop/FINAL SUBMISSION/Filters/Images/Umbrella/flower_coe.coe}] [get_ips blk_mem_gen_0]
generate_target {instantiation_template} [get_files {{d:/Desktop/FINAL SUBMISSION/Filters/FIlters/nexys_final.srcs/sources_1/ip/blk_mem_gen_0_1/blk_mem_gen_0.xci}}]
update_compile_order -fileset sources_1
generate_target all [get_files  {{d:/Desktop/FINAL SUBMISSION/Filters/FIlters/nexys_final.srcs/sources_1/ip/blk_mem_gen_0_1/blk_mem_gen_0.xci}}]
catch { config_ip_cache -export [get_ips -all blk_mem_gen_0] }
export_ip_user_files -of_objects [get_files {{d:/Desktop/FINAL SUBMISSION/Filters/FIlters/nexys_final.srcs/sources_1/ip/blk_mem_gen_0_1/blk_mem_gen_0.xci}}] -no_script -sync -force -quiet
create_ip_run [get_files -of_objects [get_fileset sources_1] {{d:/Desktop/FINAL SUBMISSION/Filters/FIlters/nexys_final.srcs/sources_1/ip/blk_mem_gen_0_1/blk_mem_gen_0.xci}}]
launch_runs -jobs 8 blk_mem_gen_0_synth_1
export_simulation -of_objects [get_files {{d:/Desktop/FINAL SUBMISSION/Filters/FIlters/nexys_final.srcs/sources_1/ip/blk_mem_gen_0_1/blk_mem_gen_0.xci}}] -directory {D:/Desktop/FINAL SUBMISSION/Filters/FIlters/nexys_final.ip_user_files/sim_scripts} -ip_user_files_dir {D:/Desktop/FINAL SUBMISSION/Filters/FIlters/nexys_final.ip_user_files} -ipstatic_source_dir {D:/Desktop/FINAL SUBMISSION/Filters/FIlters/nexys_final.ip_user_files/ipstatic} -lib_map_path [list {modelsim=D:/Desktop/FINAL SUBMISSION/Filters/FIlters/nexys_final.cache/compile_simlib/modelsim} {questa=D:/Desktop/FINAL SUBMISSION/Filters/FIlters/nexys_final.cache/compile_simlib/questa} {riviera=D:/Desktop/FINAL SUBMISSION/Filters/FIlters/nexys_final.cache/compile_simlib/riviera} {activehdl=D:/Desktop/FINAL SUBMISSION/Filters/FIlters/nexys_final.cache/compile_simlib/activehdl}] -use_ip_compiled_libs -force -quiet
create_ip -name blk_mem_gen -vendor xilinx.com -library ip -version 8.4 -module_name blk_parrotproper -dir {d:/Desktop/FINAL SUBMISSION/Filters/FIlters/nexys_final.srcs/sources_1/ip}
set_property -dict [list CONFIG.Component_Name {blk_parrotproper} CONFIG.Write_Width_A {96} CONFIG.Write_Depth_A {18402} CONFIG.Read_Width_A {96} CONFIG.Enable_A {Always_Enabled} CONFIG.Write_Width_B {96} CONFIG.Read_Width_B {96} CONFIG.Load_Init_File {true} CONFIG.Coe_File {D:/Desktop/FINAL SUBMISSION/Filters/Images/parrot/parrot.coe}] [get_ips blk_parrotproper]
generate_target {instantiation_template} [get_files {{d:/Desktop/FINAL SUBMISSION/Filters/FIlters/nexys_final.srcs/sources_1/ip/blk_parrotproper/blk_parrotproper.xci}}]
generate_target all [get_files  {{d:/Desktop/FINAL SUBMISSION/Filters/FIlters/nexys_final.srcs/sources_1/ip/blk_parrotproper/blk_parrotproper.xci}}]
catch { config_ip_cache -export [get_ips -all blk_parrotproper] }
export_ip_user_files -of_objects [get_files {{d:/Desktop/FINAL SUBMISSION/Filters/FIlters/nexys_final.srcs/sources_1/ip/blk_parrotproper/blk_parrotproper.xci}}] -no_script -sync -force -quiet
create_ip_run [get_files -of_objects [get_fileset sources_1] {{d:/Desktop/FINAL SUBMISSION/Filters/FIlters/nexys_final.srcs/sources_1/ip/blk_parrotproper/blk_parrotproper.xci}}]
launch_runs -jobs 8 blk_parrotproper_synth_1
export_simulation -of_objects [get_files {{d:/Desktop/FINAL SUBMISSION/Filters/FIlters/nexys_final.srcs/sources_1/ip/blk_parrotproper/blk_parrotproper.xci}}] -directory {D:/Desktop/FINAL SUBMISSION/Filters/FIlters/nexys_final.ip_user_files/sim_scripts} -ip_user_files_dir {D:/Desktop/FINAL SUBMISSION/Filters/FIlters/nexys_final.ip_user_files} -ipstatic_source_dir {D:/Desktop/FINAL SUBMISSION/Filters/FIlters/nexys_final.ip_user_files/ipstatic} -lib_map_path [list {modelsim=D:/Desktop/FINAL SUBMISSION/Filters/FIlters/nexys_final.cache/compile_simlib/modelsim} {questa=D:/Desktop/FINAL SUBMISSION/Filters/FIlters/nexys_final.cache/compile_simlib/questa} {riviera=D:/Desktop/FINAL SUBMISSION/Filters/FIlters/nexys_final.cache/compile_simlib/riviera} {activehdl=D:/Desktop/FINAL SUBMISSION/Filters/FIlters/nexys_final.cache/compile_simlib/activehdl}] -use_ip_compiled_libs -force -quiet
export_ip_user_files -of_objects  [get_files {{d:/Desktop/FINAL SUBMISSION/Filters/FIlters/nexys_final.srcs/sources_1/ip/blk_parrotproper/blk_parrotproper.xci}}] -no_script -reset -force -quiet
remove_files  -fileset blk_parrotproper {{d:/Desktop/FINAL SUBMISSION/Filters/FIlters/nexys_final.srcs/sources_1/ip/blk_parrotproper/blk_parrotproper.xci}}
create_ip -name blk_mem_gen -vendor xilinx.com -library ip -version 8.4 -module_name blk_parrotproper -dir {d:/Desktop/FINAL SUBMISSION/Filters/FIlters/nexys_final.srcs/sources_1/ip}
set_property -dict [list CONFIG.Component_Name {blk_parrotproper} CONFIG.Write_Width_A {96} CONFIG.Write_Depth_A {18402} CONFIG.Read_Width_A {96} CONFIG.Enable_A {Always_Enabled} CONFIG.Write_Width_B {96} CONFIG.Read_Width_B {96} CONFIG.Load_Init_File {true} CONFIG.Coe_File {D:/Desktop/FINAL SUBMISSION/Filters/Images/parrot/parrot.coe}] [get_ips blk_parrotproper]
generate_target {instantiation_template} [get_files {{d:/Desktop/FINAL SUBMISSION/Filters/FIlters/nexys_final.srcs/sources_1/ip/blk_parrotproper_1/blk_parrotproper.xci}}]
generate_target all [get_files  {{d:/Desktop/FINAL SUBMISSION/Filters/FIlters/nexys_final.srcs/sources_1/ip/blk_parrotproper_1/blk_parrotproper.xci}}]
catch { config_ip_cache -export [get_ips -all blk_parrotproper] }
export_ip_user_files -of_objects [get_files {{d:/Desktop/FINAL SUBMISSION/Filters/FIlters/nexys_final.srcs/sources_1/ip/blk_parrotproper_1/blk_parrotproper.xci}}] -no_script -sync -force -quiet
create_ip_run [get_files -of_objects [get_fileset sources_1] {{d:/Desktop/FINAL SUBMISSION/Filters/FIlters/nexys_final.srcs/sources_1/ip/blk_parrotproper_1/blk_parrotproper.xci}}]
export_simulation -of_objects [get_files {{d:/Desktop/FINAL SUBMISSION/Filters/FIlters/nexys_final.srcs/sources_1/ip/blk_parrotproper_1/blk_parrotproper.xci}}] -directory {D:/Desktop/FINAL SUBMISSION/Filters/FIlters/nexys_final.ip_user_files/sim_scripts} -ip_user_files_dir {D:/Desktop/FINAL SUBMISSION/Filters/FIlters/nexys_final.ip_user_files} -ipstatic_source_dir {D:/Desktop/FINAL SUBMISSION/Filters/FIlters/nexys_final.ip_user_files/ipstatic} -lib_map_path [list {modelsim=D:/Desktop/FINAL SUBMISSION/Filters/FIlters/nexys_final.cache/compile_simlib/modelsim} {questa=D:/Desktop/FINAL SUBMISSION/Filters/FIlters/nexys_final.cache/compile_simlib/questa} {riviera=D:/Desktop/FINAL SUBMISSION/Filters/FIlters/nexys_final.cache/compile_simlib/riviera} {activehdl=D:/Desktop/FINAL SUBMISSION/Filters/FIlters/nexys_final.cache/compile_simlib/activehdl}] -use_ip_compiled_libs -force -quiet
update_compile_order -fileset sources_1
update_compile_order -fileset sources_1
reset_run synth_1
launch_runs impl_1 -to_step write_bitstream -jobs 8
wait_on_run impl_1
open_hw
connect_hw_server
open_hw_target
set_property PROGRAM.FILE {D:/Desktop/FINAL SUBMISSION/Filters/FIlters/nexys_final.runs/impl_1/filters.bit} [get_hw_devices xc7a100t_0]
current_hw_device [get_hw_devices xc7a100t_0]
refresh_hw_device -update_hw_probes false [lindex [get_hw_devices xc7a100t_0] 0]
set_property PROBES.FILE {} [get_hw_devices xc7a100t_0]
set_property FULL_PROBES.FILE {} [get_hw_devices xc7a100t_0]
set_property PROGRAM.FILE {D:/Desktop/FINAL SUBMISSION/Filters/FIlters/nexys_final.runs/impl_1/filters.bit} [get_hw_devices xc7a100t_0]
program_hw_devices [get_hw_devices xc7a100t_0]
refresh_hw_device [lindex [get_hw_devices xc7a100t_0] 0]
close_hw
open_hw
connect_hw_server
open_hw_target
set_property PROGRAM.FILE {D:/Desktop/FINAL SUBMISSION/Filters/FIlters/nexys_final.runs/impl_1/filters.bit} [get_hw_devices xc7a100t_0]
current_hw_device [get_hw_devices xc7a100t_0]
refresh_hw_device -update_hw_probes false [lindex [get_hw_devices xc7a100t_0] 0]
set_property PROBES.FILE {} [get_hw_devices xc7a100t_0]
set_property FULL_PROBES.FILE {} [get_hw_devices xc7a100t_0]
set_property PROGRAM.FILE {D:/Desktop/FINAL SUBMISSION/Filters/FIlters/nexys_final.runs/impl_1/filters.bit} [get_hw_devices xc7a100t_0]
program_hw_devices [get_hw_devices xc7a100t_0]
refresh_hw_device [lindex [get_hw_devices xc7a100t_0] 0]
set_property PROBES.FILE {} [get_hw_devices xc7a100t_0]
set_property FULL_PROBES.FILE {} [get_hw_devices xc7a100t_0]
set_property PROGRAM.FILE {D:/Desktop/FINAL SUBMISSION/Filters/FIlters/nexys_final.runs/impl_1/filters.bit} [get_hw_devices xc7a100t_0]
program_hw_devices [get_hw_devices xc7a100t_0]
refresh_hw_device [lindex [get_hw_devices xc7a100t_0] 0]
close_hw
open_hw
connect_hw_server
open_hw_target
set_property PROGRAM.FILE {D:/Desktop/FINAL SUBMISSION/Filters/FIlters/nexys_final.runs/impl_1/filters.bit} [get_hw_devices xc7a100t_0]
current_hw_device [get_hw_devices xc7a100t_0]
refresh_hw_device -update_hw_probes false [lindex [get_hw_devices xc7a100t_0] 0]
set_property PROBES.FILE {} [get_hw_devices xc7a100t_0]
set_property FULL_PROBES.FILE {} [get_hw_devices xc7a100t_0]
set_property PROGRAM.FILE {D:/Desktop/FINAL SUBMISSION/Filters/FIlters/nexys_final.runs/impl_1/filters.bit} [get_hw_devices xc7a100t_0]
program_hw_devices [get_hw_devices xc7a100t_0]
refresh_hw_device [lindex [get_hw_devices xc7a100t_0] 0]
